// Jest Snapshot v1, https://goo.gl/fbAQLP

exports[`Users Container Should render correct 1`] = `
<div
  className="loading"
>
   Loading . . . 
</div>
`;
