// Jest Snapshot v1, https://goo.gl/fbAQLP

exports[`App It should render correctly 1`] = `
<div
  className="App"
>
  <UsersContainer />
</div>
`;
